// Jest Snapshot v1, https://goo.gl/fbAQLP

exports[`App renders app stack 1`] = `
<RNCSafeAreaProvider
  onInsetsChange={[Function]}
  style={
    Array [
      Object {
        "flex": 1,
      },
      Object {
        "backgroundColor": "#0B0C10",
      },
    ]
  }
/>
`;
