// Jest Snapshot v1, https://goo.gl/fbAQLP

exports[`renders correctly 1`] = `
<RCTSafeAreaView
  emulateUnlessSupported={true}
  style={
    Object {
      "backgroundColor": "#1F2833",
      "flex": 1,
    }
  }
>
  <View
    style={
      Array [
        Object {
          "alignItems": "center",
          "backgroundColor": "#0B0C10",
          "flexBasis": 0,
          "flexDirection": "column",
          "flexGrow": 1,
          "flexShrink": 1,
        },
      ]
    }
  >
    <View
      style={
        Array [
          Object {
            "alignItems": "center",
            "backgroundColor": "#1F2833",
            "borderBottomLeftRadius": 15,
            "borderBottomRightRadius": 15,
            "borderColor": "#1F2833",
            "borderWidth": 1,
            "height": 50,
            "justifyContent": "center",
            "width": "100%",
          },
        ]
      }
    >
      <Text
        style={
          Array [
            Object {
              "color": "#C5C6C7",
              "fontSize": 24,
            },
          ]
        }
      >
        Market
      </Text>
    </View>
    <RCTScrollView
      data={Array []}
      getItemLayout={[Function]}
      initialNumToRender={100}
      keyExtractor={[Function]}
      onRefresh={[Function]}
      refreshing={false}
      renderItem={[Function]}
    >
      <View />
    </RCTScrollView>
    <Modal
      animationType="none"
      hardwareAccelerated={false}
      onRequestClose={[Function]}
      supportedOrientations={
        Array [
          "portrait",
          "portrait-upside-down",
          "landscape",
          "landscape-left",
          "landscape-right",
        ]
      }
      transparent={true}
      visible={false}
    />
  </View>
</RCTSafeAreaView>
`;
