// Jest Snapshot v1, https://goo.gl/fbAQLP

exports[`renders correctly 1`] = `
<View
  style={
    Array [
      Object {
        "alignItems": "center",
        "flexBasis": 0,
        "flexGrow": 1,
        "flexShrink": 1,
        "justifyContent": "center",
      },
    ]
  }
>
  <Text
    allowFontScaling={false}
    selectable={false}
    style={
      Array [
        Object {
          "color": "#4CECE0",
          "fontSize": 32,
        },
        undefined,
        Object {
          "fontFamily": "Ionicons",
          "fontStyle": "normal",
          "fontWeight": "normal",
        },
        Object {},
      ]
    }
  >
    ï‘‘
  </Text>
  <Text
    style={
      Array [
        Object {
          "color": "#4CECE0",
          "fontSize": 24,
          "textAlign": "center",
        },
      ]
    }
  >
    Please login or register to use this feature
  </Text>
</View>
`;
